model=FCONCAP,beta=0.05,ego=1.05,topology=BAG,numCouples=256,stubborn=0.01,manageStubborn=polarizeCouple_0.05
model=FCONCAP,beta=0.05,ego=1.05,topology=BAG,numCouples=256,stubborn=0.01,manageStubborn=polarizeCouple_0.2
model=FCONCAP,beta=0.05,ego=1.05,topology=BAG,numCouples=256,stubborn=0.01,manageStubborn=polarizeCouple_1.0
model=FCONCAP,beta=0.05,ego=1.05,topology=BAG,numCouples=256,stubborn=0.01,manageStubborn=polarizeCouple_2.0
model=FCONCAP,beta=0.05,ego=1.05,topology=BAG,numCouples=256,stubborn=0.01,manageStubborn=polarizeSingle_0.05
model=FCONCAP,beta=0.05,ego=1.05,topology=BAG,numCouples=256,stubborn=0.01,manageStubborn=polarizeSingle_0.2
model=FCONCAP,beta=0.05,ego=1.05,topology=BAG,numCouples=256,stubborn=0.01,manageStubborn=polarizeSingle_1.0
model=FCONCAP,beta=0.05,ego=1.05,topology=BAG,numCouples=256,stubborn=0.01,manageStubborn=polarizeSingle_2.0
model=FCONCAP,beta=0.05,ego=1.05,topology=BAG,numCouples=256,stubborn=0.02,manageStubborn=polarizeCouple_0.05
model=FCONCAP,beta=0.05,ego=1.05,topology=BAG,numCouples=256,stubborn=0.02,manageStubborn=polarizeCouple_0.2
model=FCONCAP,beta=0.05,ego=1.05,topology=BAG,numCouples=256,stubborn=0.02,manageStubborn=polarizeCouple_1.0
model=FCONCAP,beta=0.05,ego=1.05,topology=BAG,numCouples=256,stubborn=0.02,manageStubborn=polarizeCouple_2.0
model=FCONCAP,beta=0.05,ego=1.05,topology=BAG,numCouples=256,stubborn=0.02,manageStubborn=polarizeSingle_0.05
model=FCONCAP,beta=0.05,ego=1.05,topology=BAG,numCouples=256,stubborn=0.02,manageStubborn=polarizeSingle_0.2
model=FCONCAP,beta=0.05,ego=1.05,topology=BAG,numCouples=256,stubborn=0.02,manageStubborn=polarizeSingle_1.0
model=FCONCAP,beta=0.05,ego=1.05,topology=BAG,numCouples=256,stubborn=0.02,manageStubborn=polarizeSingle_2.0
model=FCONCAP,beta=0.05,ego=1.05,topology=BAG,numCouples=256,stubborn=0.04,manageStubborn=polarizeCouple_0.05
model=FCONCAP,beta=0.05,ego=1.05,topology=BAG,numCouples=256,stubborn=0.04,manageStubborn=polarizeCouple_0.2
model=FCONCAP,beta=0.05,ego=1.05,topology=BAG,numCouples=256,stubborn=0.04,manageStubborn=polarizeCouple_1.0
model=FCONCAP,beta=0.05,ego=1.05,topology=BAG,numCouples=256,stubborn=0.04,manageStubborn=polarizeCouple_2.0
model=FCONCAP,beta=0.05,ego=1.05,topology=BAG,numCouples=256,stubborn=0.04,manageStubborn=polarizeSingle_0.05
model=FCONCAP,beta=0.05,ego=1.05,topology=BAG,numCouples=256,stubborn=0.04,manageStubborn=polarizeSingle_0.2
model=FCONCAP,beta=0.05,ego=1.05,topology=BAG,numCouples=256,stubborn=0.04,manageStubborn=polarizeSingle_1.0
model=FCONCAP,beta=0.05,ego=1.05,topology=BAG,numCouples=256,stubborn=0.04,manageStubborn=polarizeSingle_2.0
model=FCONCAP,beta=0.05,ego=1.05,topology=BAG,numCouples=256,stubborn=0.08,manageStubborn=polarizeCouple_0.05
model=FCONCAP,beta=0.05,ego=1.05,topology=BAG,numCouples=256,stubborn=0.08,manageStubborn=polarizeCouple_0.2
model=FCONCAP,beta=0.05,ego=1.05,topology=BAG,numCouples=256,stubborn=0.08,manageStubborn=polarizeCouple_1.0
model=FCONCAP,beta=0.05,ego=1.05,topology=BAG,numCouples=256,stubborn=0.08,manageStubborn=polarizeCouple_2.0
model=FCONCAP,beta=0.05,ego=1.05,topology=BAG,numCouples=256,stubborn=0.08,manageStubborn=polarizeSingle_0.05
model=FCONCAP,beta=0.05,ego=1.05,topology=BAG,numCouples=256,stubborn=0.08,manageStubborn=polarizeSingle_0.2
model=FCONCAP,beta=0.05,ego=1.05,topology=BAG,numCouples=256,stubborn=0.08,manageStubborn=polarizeSingle_1.0
model=FCONCAP,beta=0.05,ego=1.05,topology=BAG,numCouples=256,stubborn=0.08,manageStubborn=polarizeSingle_2.0
model=FCONCAP,beta=0.05,ego=1.05,topology=BAG,numCouples=400,stubborn=0.01,manageStubborn=polarizeCouple_0.05
model=FCONCAP,beta=0.05,ego=1.05,topology=BAG,numCouples=400,stubborn=0.01,manageStubborn=polarizeCouple_0.2
model=FCONCAP,beta=0.05,ego=1.05,topology=BAG,numCouples=400,stubborn=0.01,manageStubborn=polarizeCouple_1.0
model=FCONCAP,beta=0.05,ego=1.05,topology=BAG,numCouples=400,stubborn=0.01,manageStubborn=polarizeCouple_2.0
model=FCONCAP,beta=0.05,ego=1.05,topology=BAG,numCouples=400,stubborn=0.01,manageStubborn=polarizeSingle_0.05
model=FCONCAP,beta=0.05,ego=1.05,topology=BAG,numCouples=400,stubborn=0.01,manageStubborn=polarizeSingle_0.2
model=FCONCAP,beta=0.05,ego=1.05,topology=BAG,numCouples=400,stubborn=0.01,manageStubborn=polarizeSingle_1.0
model=FCONCAP,beta=0.05,ego=1.05,topology=BAG,numCouples=400,stubborn=0.01,manageStubborn=polarizeSingle_2.0
model=FCONCAP,beta=0.05,ego=1.05,topology=BAG,numCouples=400,stubborn=0.02,manageStubborn=polarizeCouple_0.05
model=FCONCAP,beta=0.05,ego=1.05,topology=BAG,numCouples=400,stubborn=0.02,manageStubborn=polarizeCouple_0.2
model=FCONCAP,beta=0.05,ego=1.05,topology=BAG,numCouples=400,stubborn=0.02,manageStubborn=polarizeCouple_1.0
model=FCONCAP,beta=0.05,ego=1.05,topology=BAG,numCouples=400,stubborn=0.02,manageStubborn=polarizeCouple_2.0
model=FCONCAP,beta=0.05,ego=1.05,topology=BAG,numCouples=400,stubborn=0.02,manageStubborn=polarizeSingle_0.05
model=FCONCAP,beta=0.05,ego=1.05,topology=BAG,numCouples=400,stubborn=0.02,manageStubborn=polarizeSingle_0.2
model=FCONCAP,beta=0.05,ego=1.05,topology=BAG,numCouples=400,stubborn=0.02,manageStubborn=polarizeSingle_1.0
model=FCONCAP,beta=0.05,ego=1.05,topology=BAG,numCouples=400,stubborn=0.02,manageStubborn=polarizeSingle_2.0
model=FCONCAP,beta=0.05,ego=1.05,topology=BAG,numCouples=400,stubborn=0.04,manageStubborn=polarizeCouple_0.05
model=FCONCAP,beta=0.05,ego=1.05,topology=BAG,numCouples=400,stubborn=0.04,manageStubborn=polarizeCouple_0.2
model=FCONCAP,beta=0.05,ego=1.05,topology=BAG,numCouples=400,stubborn=0.04,manageStubborn=polarizeCouple_1.0
model=FCONCAP,beta=0.05,ego=1.05,topology=BAG,numCouples=400,stubborn=0.04,manageStubborn=polarizeCouple_2.0
model=FCONCAP,beta=0.05,ego=1.05,topology=BAG,numCouples=400,stubborn=0.04,manageStubborn=polarizeSingle_0.05
model=FCONCAP,beta=0.05,ego=1.05,topology=BAG,numCouples=400,stubborn=0.04,manageStubborn=polarizeSingle_0.2
model=FCONCAP,beta=0.05,ego=1.05,topology=BAG,numCouples=400,stubborn=0.04,manageStubborn=polarizeSingle_1.0
model=FCONCAP,beta=0.05,ego=1.05,topology=BAG,numCouples=400,stubborn=0.04,manageStubborn=polarizeSingle_2.0
model=FCONCAP,beta=0.05,ego=1.05,topology=BAG,numCouples=400,stubborn=0.08,manageStubborn=polarizeCouple_0.05
model=FCONCAP,beta=0.05,ego=1.05,topology=BAG,numCouples=400,stubborn=0.08,manageStubborn=polarizeCouple_0.2
model=FCONCAP,beta=0.05,ego=1.05,topology=BAG,numCouples=400,stubborn=0.08,manageStubborn=polarizeCouple_1.0
model=FCONCAP,beta=0.05,ego=1.05,topology=BAG,numCouples=400,stubborn=0.08,manageStubborn=polarizeCouple_2.0
model=FCONCAP,beta=0.05,ego=1.05,topology=BAG,numCouples=400,stubborn=0.08,manageStubborn=polarizeSingle_0.05
model=FCONCAP,beta=0.05,ego=1.05,topology=BAG,numCouples=400,stubborn=0.08,manageStubborn=polarizeSingle_0.2
model=FCONCAP,beta=0.05,ego=1.05,topology=BAG,numCouples=400,stubborn=0.08,manageStubborn=polarizeSingle_1.0
model=FCONCAP,beta=0.05,ego=1.05,topology=BAG,numCouples=400,stubborn=0.08,manageStubborn=polarizeSingle_2.0
model=FCONCAP,beta=0.05,ego=1.05,topology=BAG,numCouples=64,stubborn=0.01,manageStubborn=polarizeCouple_0.05
model=FCONCAP,beta=0.05,ego=1.05,topology=BAG,numCouples=64,stubborn=0.01,manageStubborn=polarizeCouple_0.2
model=FCONCAP,beta=0.05,ego=1.05,topology=BAG,numCouples=64,stubborn=0.01,manageStubborn=polarizeCouple_1.0
model=FCONCAP,beta=0.05,ego=1.05,topology=BAG,numCouples=64,stubborn=0.01,manageStubborn=polarizeCouple_2.0
model=FCONCAP,beta=0.05,ego=1.05,topology=BAG,numCouples=64,stubborn=0.01,manageStubborn=polarizeSingle_0.05
model=FCONCAP,beta=0.05,ego=1.05,topology=BAG,numCouples=64,stubborn=0.01,manageStubborn=polarizeSingle_0.2
model=FCONCAP,beta=0.05,ego=1.05,topology=BAG,numCouples=64,stubborn=0.01,manageStubborn=polarizeSingle_1.0
model=FCONCAP,beta=0.05,ego=1.05,topology=BAG,numCouples=64,stubborn=0.01,manageStubborn=polarizeSingle_2.0
model=FCONCAP,beta=0.05,ego=1.05,topology=BAG,numCouples=64,stubborn=0.02,manageStubborn=polarizeCouple_0.05
model=FCONCAP,beta=0.05,ego=1.05,topology=BAG,numCouples=64,stubborn=0.02,manageStubborn=polarizeCouple_0.2
model=FCONCAP,beta=0.05,ego=1.05,topology=BAG,numCouples=64,stubborn=0.02,manageStubborn=polarizeCouple_1.0
model=FCONCAP,beta=0.05,ego=1.05,topology=BAG,numCouples=64,stubborn=0.02,manageStubborn=polarizeCouple_2.0
model=FCONCAP,beta=0.05,ego=1.05,topology=BAG,numCouples=64,stubborn=0.02,manageStubborn=polarizeSingle_0.05
model=FCONCAP,beta=0.05,ego=1.05,topology=BAG,numCouples=64,stubborn=0.02,manageStubborn=polarizeSingle_0.2
model=FCONCAP,beta=0.05,ego=1.05,topology=BAG,numCouples=64,stubborn=0.02,manageStubborn=polarizeSingle_1.0
model=FCONCAP,beta=0.05,ego=1.05,topology=BAG,numCouples=64,stubborn=0.02,manageStubborn=polarizeSingle_2.0
model=FCONCAP,beta=0.05,ego=1.05,topology=BAG,numCouples=64,stubborn=0.04,manageStubborn=polarizeCouple_0.05
model=FCONCAP,beta=0.05,ego=1.05,topology=BAG,numCouples=64,stubborn=0.04,manageStubborn=polarizeCouple_0.2
model=FCONCAP,beta=0.05,ego=1.05,topology=BAG,numCouples=64,stubborn=0.04,manageStubborn=polarizeCouple_1.0
model=FCONCAP,beta=0.05,ego=1.05,topology=BAG,numCouples=64,stubborn=0.04,manageStubborn=polarizeCouple_2.0
model=FCONCAP,beta=0.05,ego=1.05,topology=BAG,numCouples=64,stubborn=0.04,manageStubborn=polarizeSingle_0.05
model=FCONCAP,beta=0.05,ego=1.05,topology=BAG,numCouples=64,stubborn=0.04,manageStubborn=polarizeSingle_0.2
model=FCONCAP,beta=0.05,ego=1.05,topology=BAG,numCouples=64,stubborn=0.04,manageStubborn=polarizeSingle_1.0
model=FCONCAP,beta=0.05,ego=1.05,topology=BAG,numCouples=64,stubborn=0.04,manageStubborn=polarizeSingle_2.0
model=FCONCAP,beta=0.05,ego=1.05,topology=BAG,numCouples=64,stubborn=0.08,manageStubborn=polarizeCouple_0.05
model=FCONCAP,beta=0.05,ego=1.05,topology=BAG,numCouples=64,stubborn=0.08,manageStubborn=polarizeCouple_0.2
model=FCONCAP,beta=0.05,ego=1.05,topology=BAG,numCouples=64,stubborn=0.08,manageStubborn=polarizeCouple_1.0
model=FCONCAP,beta=0.05,ego=1.05,topology=BAG,numCouples=64,stubborn=0.08,manageStubborn=polarizeCouple_2.0
model=FCONCAP,beta=0.05,ego=1.05,topology=BAG,numCouples=64,stubborn=0.08,manageStubborn=polarizeSingle_0.05
model=FCONCAP,beta=0.05,ego=1.05,topology=BAG,numCouples=64,stubborn=0.08,manageStubborn=polarizeSingle_0.2
model=FCONCAP,beta=0.05,ego=1.05,topology=BAG,numCouples=64,stubborn=0.08,manageStubborn=polarizeSingle_1.0
model=FCONCAP,beta=0.05,ego=1.05,topology=BAG,numCouples=64,stubborn=0.08,manageStubborn=polarizeSingle_2.0
model=FCONCAP,beta=0.10,ego=1.11,topology=BAG,numCouples=256,stubborn=0.01,manageStubborn=polarizeCouple_0.05
model=FCONCAP,beta=0.10,ego=1.11,topology=BAG,numCouples=256,stubborn=0.01,manageStubborn=polarizeCouple_0.2
model=FCONCAP,beta=0.10,ego=1.11,topology=BAG,numCouples=256,stubborn=0.01,manageStubborn=polarizeCouple_1.0
model=FCONCAP,beta=0.10,ego=1.11,topology=BAG,numCouples=256,stubborn=0.01,manageStubborn=polarizeCouple_2.0
model=FCONCAP,beta=0.10,ego=1.11,topology=BAG,numCouples=256,stubborn=0.01,manageStubborn=polarizeSingle_0.05
model=FCONCAP,beta=0.10,ego=1.11,topology=BAG,numCouples=256,stubborn=0.01,manageStubborn=polarizeSingle_0.2
model=FCONCAP,beta=0.10,ego=1.11,topology=BAG,numCouples=256,stubborn=0.01,manageStubborn=polarizeSingle_1.0
model=FCONCAP,beta=0.10,ego=1.11,topology=BAG,numCouples=256,stubborn=0.01,manageStubborn=polarizeSingle_2.0
model=FCONCAP,beta=0.10,ego=1.11,topology=BAG,numCouples=256,stubborn=0.02,manageStubborn=polarizeCouple_0.05
model=FCONCAP,beta=0.10,ego=1.11,topology=BAG,numCouples=256,stubborn=0.02,manageStubborn=polarizeCouple_0.2
model=FCONCAP,beta=0.10,ego=1.11,topology=BAG,numCouples=256,stubborn=0.02,manageStubborn=polarizeCouple_1.0
model=FCONCAP,beta=0.10,ego=1.11,topology=BAG,numCouples=256,stubborn=0.02,manageStubborn=polarizeCouple_2.0
model=FCONCAP,beta=0.10,ego=1.11,topology=BAG,numCouples=256,stubborn=0.02,manageStubborn=polarizeSingle_0.05
model=FCONCAP,beta=0.10,ego=1.11,topology=BAG,numCouples=256,stubborn=0.02,manageStubborn=polarizeSingle_0.2
model=FCONCAP,beta=0.10,ego=1.11,topology=BAG,numCouples=256,stubborn=0.02,manageStubborn=polarizeSingle_1.0
model=FCONCAP,beta=0.10,ego=1.11,topology=BAG,numCouples=256,stubborn=0.02,manageStubborn=polarizeSingle_2.0
model=FCONCAP,beta=0.10,ego=1.11,topology=BAG,numCouples=256,stubborn=0.04,manageStubborn=polarizeCouple_0.05
model=FCONCAP,beta=0.10,ego=1.11,topology=BAG,numCouples=256,stubborn=0.04,manageStubborn=polarizeCouple_0.2
model=FCONCAP,beta=0.10,ego=1.11,topology=BAG,numCouples=256,stubborn=0.04,manageStubborn=polarizeCouple_1.0
model=FCONCAP,beta=0.10,ego=1.11,topology=BAG,numCouples=256,stubborn=0.04,manageStubborn=polarizeCouple_2.0
model=FCONCAP,beta=0.10,ego=1.11,topology=BAG,numCouples=256,stubborn=0.04,manageStubborn=polarizeSingle_0.05
model=FCONCAP,beta=0.10,ego=1.11,topology=BAG,numCouples=256,stubborn=0.04,manageStubborn=polarizeSingle_0.2
model=FCONCAP,beta=0.10,ego=1.11,topology=BAG,numCouples=256,stubborn=0.04,manageStubborn=polarizeSingle_1.0
model=FCONCAP,beta=0.10,ego=1.11,topology=BAG,numCouples=256,stubborn=0.04,manageStubborn=polarizeSingle_2.0
model=FCONCAP,beta=0.10,ego=1.11,topology=BAG,numCouples=256,stubborn=0.08,manageStubborn=polarizeCouple_0.05
model=FCONCAP,beta=0.10,ego=1.11,topology=BAG,numCouples=256,stubborn=0.08,manageStubborn=polarizeCouple_0.2
model=FCONCAP,beta=0.10,ego=1.11,topology=BAG,numCouples=256,stubborn=0.08,manageStubborn=polarizeCouple_1.0
model=FCONCAP,beta=0.10,ego=1.11,topology=BAG,numCouples=256,stubborn=0.08,manageStubborn=polarizeCouple_2.0
model=FCONCAP,beta=0.10,ego=1.11,topology=BAG,numCouples=256,stubborn=0.08,manageStubborn=polarizeSingle_0.05
model=FCONCAP,beta=0.10,ego=1.11,topology=BAG,numCouples=256,stubborn=0.08,manageStubborn=polarizeSingle_0.2
model=FCONCAP,beta=0.10,ego=1.11,topology=BAG,numCouples=256,stubborn=0.08,manageStubborn=polarizeSingle_1.0
model=FCONCAP,beta=0.10,ego=1.11,topology=BAG,numCouples=256,stubborn=0.08,manageStubborn=polarizeSingle_2.0
model=FCONCAP,beta=0.10,ego=1.11,topology=BAG,numCouples=400,stubborn=0.01,manageStubborn=polarizeCouple_0.05
model=FCONCAP,beta=0.10,ego=1.11,topology=BAG,numCouples=400,stubborn=0.01,manageStubborn=polarizeCouple_0.2
model=FCONCAP,beta=0.10,ego=1.11,topology=BAG,numCouples=400,stubborn=0.01,manageStubborn=polarizeCouple_1.0
model=FCONCAP,beta=0.10,ego=1.11,topology=BAG,numCouples=400,stubborn=0.01,manageStubborn=polarizeCouple_2.0
model=FCONCAP,beta=0.10,ego=1.11,topology=BAG,numCouples=400,stubborn=0.01,manageStubborn=polarizeSingle_0.05
model=FCONCAP,beta=0.10,ego=1.11,topology=BAG,numCouples=400,stubborn=0.01,manageStubborn=polarizeSingle_0.2
model=FCONCAP,beta=0.10,ego=1.11,topology=BAG,numCouples=400,stubborn=0.01,manageStubborn=polarizeSingle_1.0
model=FCONCAP,beta=0.10,ego=1.11,topology=BAG,numCouples=400,stubborn=0.01,manageStubborn=polarizeSingle_2.0
model=FCONCAP,beta=0.10,ego=1.11,topology=BAG,numCouples=400,stubborn=0.02,manageStubborn=polarizeCouple_0.05
model=FCONCAP,beta=0.10,ego=1.11,topology=BAG,numCouples=400,stubborn=0.02,manageStubborn=polarizeCouple_0.2
model=FCONCAP,beta=0.10,ego=1.11,topology=BAG,numCouples=400,stubborn=0.02,manageStubborn=polarizeCouple_1.0
model=FCONCAP,beta=0.10,ego=1.11,topology=BAG,numCouples=400,stubborn=0.02,manageStubborn=polarizeCouple_2.0
model=FCONCAP,beta=0.10,ego=1.11,topology=BAG,numCouples=400,stubborn=0.02,manageStubborn=polarizeSingle_0.05
model=FCONCAP,beta=0.10,ego=1.11,topology=BAG,numCouples=400,stubborn=0.02,manageStubborn=polarizeSingle_0.2
model=FCONCAP,beta=0.10,ego=1.11,topology=BAG,numCouples=400,stubborn=0.02,manageStubborn=polarizeSingle_1.0
model=FCONCAP,beta=0.10,ego=1.11,topology=BAG,numCouples=400,stubborn=0.02,manageStubborn=polarizeSingle_2.0
model=FCONCAP,beta=0.10,ego=1.11,topology=BAG,numCouples=400,stubborn=0.04,manageStubborn=polarizeCouple_0.05
model=FCONCAP,beta=0.10,ego=1.11,topology=BAG,numCouples=400,stubborn=0.04,manageStubborn=polarizeCouple_0.2
model=FCONCAP,beta=0.10,ego=1.11,topology=BAG,numCouples=400,stubborn=0.04,manageStubborn=polarizeCouple_1.0
model=FCONCAP,beta=0.10,ego=1.11,topology=BAG,numCouples=400,stubborn=0.04,manageStubborn=polarizeCouple_2.0
model=FCONCAP,beta=0.10,ego=1.11,topology=BAG,numCouples=400,stubborn=0.04,manageStubborn=polarizeSingle_0.05
model=FCONCAP,beta=0.10,ego=1.11,topology=BAG,numCouples=400,stubborn=0.04,manageStubborn=polarizeSingle_0.2
model=FCONCAP,beta=0.10,ego=1.11,topology=BAG,numCouples=400,stubborn=0.04,manageStubborn=polarizeSingle_1.0
model=FCONCAP,beta=0.10,ego=1.11,topology=BAG,numCouples=400,stubborn=0.04,manageStubborn=polarizeSingle_2.0
model=FCONCAP,beta=0.10,ego=1.11,topology=BAG,numCouples=400,stubborn=0.08,manageStubborn=polarizeCouple_0.05
model=FCONCAP,beta=0.10,ego=1.11,topology=BAG,numCouples=400,stubborn=0.08,manageStubborn=polarizeCouple_0.2
model=FCONCAP,beta=0.10,ego=1.11,topology=BAG,numCouples=400,stubborn=0.08,manageStubborn=polarizeCouple_1.0
model=FCONCAP,beta=0.10,ego=1.11,topology=BAG,numCouples=400,stubborn=0.08,manageStubborn=polarizeCouple_2.0
model=FCONCAP,beta=0.10,ego=1.11,topology=BAG,numCouples=400,stubborn=0.08,manageStubborn=polarizeSingle_0.05
model=FCONCAP,beta=0.10,ego=1.11,topology=BAG,numCouples=400,stubborn=0.08,manageStubborn=polarizeSingle_0.2
model=FCONCAP,beta=0.10,ego=1.11,topology=BAG,numCouples=400,stubborn=0.08,manageStubborn=polarizeSingle_1.0
model=FCONCAP,beta=0.10,ego=1.11,topology=BAG,numCouples=400,stubborn=0.08,manageStubborn=polarizeSingle_2.0
model=FCONCAP,beta=0.10,ego=1.11,topology=BAG,numCouples=64,stubborn=0.01,manageStubborn=polarizeCouple_0.05
model=FCONCAP,beta=0.10,ego=1.11,topology=BAG,numCouples=64,stubborn=0.01,manageStubborn=polarizeCouple_0.2
model=FCONCAP,beta=0.10,ego=1.11,topology=BAG,numCouples=64,stubborn=0.01,manageStubborn=polarizeCouple_1.0
model=FCONCAP,beta=0.10,ego=1.11,topology=BAG,numCouples=64,stubborn=0.01,manageStubborn=polarizeCouple_2.0
model=FCONCAP,beta=0.10,ego=1.11,topology=BAG,numCouples=64,stubborn=0.01,manageStubborn=polarizeSingle_0.05
model=FCONCAP,beta=0.10,ego=1.11,topology=BAG,numCouples=64,stubborn=0.01,manageStubborn=polarizeSingle_0.2
model=FCONCAP,beta=0.10,ego=1.11,topology=BAG,numCouples=64,stubborn=0.01,manageStubborn=polarizeSingle_1.0
model=FCONCAP,beta=0.10,ego=1.11,topology=BAG,numCouples=64,stubborn=0.01,manageStubborn=polarizeSingle_2.0
model=FCONCAP,beta=0.10,ego=1.11,topology=BAG,numCouples=64,stubborn=0.02,manageStubborn=polarizeCouple_0.05
model=FCONCAP,beta=0.10,ego=1.11,topology=BAG,numCouples=64,stubborn=0.02,manageStubborn=polarizeCouple_0.2
model=FCONCAP,beta=0.10,ego=1.11,topology=BAG,numCouples=64,stubborn=0.02,manageStubborn=polarizeCouple_1.0
model=FCONCAP,beta=0.10,ego=1.11,topology=BAG,numCouples=64,stubborn=0.02,manageStubborn=polarizeCouple_2.0
model=FCONCAP,beta=0.10,ego=1.11,topology=BAG,numCouples=64,stubborn=0.02,manageStubborn=polarizeSingle_0.05
model=FCONCAP,beta=0.10,ego=1.11,topology=BAG,numCouples=64,stubborn=0.02,manageStubborn=polarizeSingle_0.2
model=FCONCAP,beta=0.10,ego=1.11,topology=BAG,numCouples=64,stubborn=0.02,manageStubborn=polarizeSingle_1.0
model=FCONCAP,beta=0.10,ego=1.11,topology=BAG,numCouples=64,stubborn=0.02,manageStubborn=polarizeSingle_2.0
model=FCONCAP,beta=0.10,ego=1.11,topology=BAG,numCouples=64,stubborn=0.04,manageStubborn=polarizeCouple_0.05
model=FCONCAP,beta=0.10,ego=1.11,topology=BAG,numCouples=64,stubborn=0.04,manageStubborn=polarizeCouple_0.2
model=FCONCAP,beta=0.10,ego=1.11,topology=BAG,numCouples=64,stubborn=0.04,manageStubborn=polarizeCouple_1.0
model=FCONCAP,beta=0.10,ego=1.11,topology=BAG,numCouples=64,stubborn=0.04,manageStubborn=polarizeCouple_2.0
model=FCONCAP,beta=0.10,ego=1.11,topology=BAG,numCouples=64,stubborn=0.04,manageStubborn=polarizeSingle_0.05
model=FCONCAP,beta=0.10,ego=1.11,topology=BAG,numCouples=64,stubborn=0.04,manageStubborn=polarizeSingle_0.2
model=FCONCAP,beta=0.10,ego=1.11,topology=BAG,numCouples=64,stubborn=0.04,manageStubborn=polarizeSingle_1.0
model=FCONCAP,beta=0.10,ego=1.11,topology=BAG,numCouples=64,stubborn=0.04,manageStubborn=polarizeSingle_2.0
model=FCONCAP,beta=0.10,ego=1.11,topology=BAG,numCouples=64,stubborn=0.08,manageStubborn=polarizeCouple_0.05
model=FCONCAP,beta=0.10,ego=1.11,topology=BAG,numCouples=64,stubborn=0.08,manageStubborn=polarizeCouple_0.2
model=FCONCAP,beta=0.10,ego=1.11,topology=BAG,numCouples=64,stubborn=0.08,manageStubborn=polarizeCouple_1.0
model=FCONCAP,beta=0.10,ego=1.11,topology=BAG,numCouples=64,stubborn=0.08,manageStubborn=polarizeCouple_2.0
model=FCONCAP,beta=0.10,ego=1.11,topology=BAG,numCouples=64,stubborn=0.08,manageStubborn=polarizeSingle_0.05
model=FCONCAP,beta=0.10,ego=1.11,topology=BAG,numCouples=64,stubborn=0.08,manageStubborn=polarizeSingle_0.2
model=FCONCAP,beta=0.10,ego=1.11,topology=BAG,numCouples=64,stubborn=0.08,manageStubborn=polarizeSingle_1.0
model=FCONCAP,beta=0.10,ego=1.11,topology=BAG,numCouples=64,stubborn=0.08,manageStubborn=polarizeSingle_2.0
model=FCONCAP,beta=0.20,ego=1.25,topology=BAG,numCouples=256,stubborn=0.01,manageStubborn=polarizeCouple_0.05
model=FCONCAP,beta=0.20,ego=1.25,topology=BAG,numCouples=256,stubborn=0.01,manageStubborn=polarizeCouple_0.2
model=FCONCAP,beta=0.20,ego=1.25,topology=BAG,numCouples=256,stubborn=0.01,manageStubborn=polarizeCouple_1.0
model=FCONCAP,beta=0.20,ego=1.25,topology=BAG,numCouples=256,stubborn=0.01,manageStubborn=polarizeCouple_2.0
model=FCONCAP,beta=0.20,ego=1.25,topology=BAG,numCouples=256,stubborn=0.01,manageStubborn=polarizeSingle_0.05
model=FCONCAP,beta=0.20,ego=1.25,topology=BAG,numCouples=256,stubborn=0.01,manageStubborn=polarizeSingle_0.2
model=FCONCAP,beta=0.20,ego=1.25,topology=BAG,numCouples=256,stubborn=0.01,manageStubborn=polarizeSingle_1.0
model=FCONCAP,beta=0.20,ego=1.25,topology=BAG,numCouples=256,stubborn=0.01,manageStubborn=polarizeSingle_2.0
model=FCONCAP,beta=0.20,ego=1.25,topology=BAG,numCouples=256,stubborn=0.02,manageStubborn=polarizeCouple_0.05
model=FCONCAP,beta=0.20,ego=1.25,topology=BAG,numCouples=256,stubborn=0.02,manageStubborn=polarizeCouple_0.2
model=FCONCAP,beta=0.20,ego=1.25,topology=BAG,numCouples=256,stubborn=0.02,manageStubborn=polarizeCouple_1.0
model=FCONCAP,beta=0.20,ego=1.25,topology=BAG,numCouples=256,stubborn=0.02,manageStubborn=polarizeCouple_2.0
model=FCONCAP,beta=0.20,ego=1.25,topology=BAG,numCouples=256,stubborn=0.02,manageStubborn=polarizeSingle_0.05
model=FCONCAP,beta=0.20,ego=1.25,topology=BAG,numCouples=256,stubborn=0.02,manageStubborn=polarizeSingle_0.2
model=FCONCAP,beta=0.20,ego=1.25,topology=BAG,numCouples=256,stubborn=0.02,manageStubborn=polarizeSingle_1.0
model=FCONCAP,beta=0.20,ego=1.25,topology=BAG,numCouples=256,stubborn=0.02,manageStubborn=polarizeSingle_2.0
model=FCONCAP,beta=0.20,ego=1.25,topology=BAG,numCouples=256,stubborn=0.04,manageStubborn=polarizeCouple_0.05
model=FCONCAP,beta=0.20,ego=1.25,topology=BAG,numCouples=256,stubborn=0.04,manageStubborn=polarizeCouple_0.2
model=FCONCAP,beta=0.20,ego=1.25,topology=BAG,numCouples=256,stubborn=0.04,manageStubborn=polarizeCouple_1.0
model=FCONCAP,beta=0.20,ego=1.25,topology=BAG,numCouples=256,stubborn=0.04,manageStubborn=polarizeCouple_2.0
model=FCONCAP,beta=0.20,ego=1.25,topology=BAG,numCouples=256,stubborn=0.04,manageStubborn=polarizeSingle_0.05
model=FCONCAP,beta=0.20,ego=1.25,topology=BAG,numCouples=256,stubborn=0.04,manageStubborn=polarizeSingle_0.2
model=FCONCAP,beta=0.20,ego=1.25,topology=BAG,numCouples=256,stubborn=0.04,manageStubborn=polarizeSingle_1.0
model=FCONCAP,beta=0.20,ego=1.25,topology=BAG,numCouples=256,stubborn=0.04,manageStubborn=polarizeSingle_2.0
model=FCONCAP,beta=0.20,ego=1.25,topology=BAG,numCouples=256,stubborn=0.08,manageStubborn=polarizeCouple_0.05
model=FCONCAP,beta=0.20,ego=1.25,topology=BAG,numCouples=256,stubborn=0.08,manageStubborn=polarizeCouple_0.2
model=FCONCAP,beta=0.20,ego=1.25,topology=BAG,numCouples=256,stubborn=0.08,manageStubborn=polarizeCouple_1.0
model=FCONCAP,beta=0.20,ego=1.25,topology=BAG,numCouples=256,stubborn=0.08,manageStubborn=polarizeCouple_2.0
model=FCONCAP,beta=0.20,ego=1.25,topology=BAG,numCouples=256,stubborn=0.08,manageStubborn=polarizeSingle_0.05
model=FCONCAP,beta=0.20,ego=1.25,topology=BAG,numCouples=256,stubborn=0.08,manageStubborn=polarizeSingle_0.2
model=FCONCAP,beta=0.20,ego=1.25,topology=BAG,numCouples=256,stubborn=0.08,manageStubborn=polarizeSingle_1.0
model=FCONCAP,beta=0.20,ego=1.25,topology=BAG,numCouples=256,stubborn=0.08,manageStubborn=polarizeSingle_2.0
model=FCONCAP,beta=0.20,ego=1.25,topology=BAG,numCouples=400,stubborn=0.01,manageStubborn=polarizeCouple_0.05
model=FCONCAP,beta=0.20,ego=1.25,topology=BAG,numCouples=400,stubborn=0.01,manageStubborn=polarizeCouple_0.2
model=FCONCAP,beta=0.20,ego=1.25,topology=BAG,numCouples=400,stubborn=0.01,manageStubborn=polarizeCouple_1.0
model=FCONCAP,beta=0.20,ego=1.25,topology=BAG,numCouples=400,stubborn=0.01,manageStubborn=polarizeCouple_2.0
model=FCONCAP,beta=0.20,ego=1.25,topology=BAG,numCouples=400,stubborn=0.01,manageStubborn=polarizeSingle_0.05
model=FCONCAP,beta=0.20,ego=1.25,topology=BAG,numCouples=400,stubborn=0.01,manageStubborn=polarizeSingle_0.2
model=FCONCAP,beta=0.20,ego=1.25,topology=BAG,numCouples=400,stubborn=0.01,manageStubborn=polarizeSingle_1.0
model=FCONCAP,beta=0.20,ego=1.25,topology=BAG,numCouples=400,stubborn=0.01,manageStubborn=polarizeSingle_2.0
model=FCONCAP,beta=0.20,ego=1.25,topology=BAG,numCouples=400,stubborn=0.02,manageStubborn=polarizeCouple_0.05
model=FCONCAP,beta=0.20,ego=1.25,topology=BAG,numCouples=400,stubborn=0.02,manageStubborn=polarizeCouple_0.2
model=FCONCAP,beta=0.20,ego=1.25,topology=BAG,numCouples=400,stubborn=0.02,manageStubborn=polarizeCouple_1.0
model=FCONCAP,beta=0.20,ego=1.25,topology=BAG,numCouples=400,stubborn=0.02,manageStubborn=polarizeCouple_2.0
model=FCONCAP,beta=0.20,ego=1.25,topology=BAG,numCouples=400,stubborn=0.02,manageStubborn=polarizeSingle_0.05
model=FCONCAP,beta=0.20,ego=1.25,topology=BAG,numCouples=400,stubborn=0.02,manageStubborn=polarizeSingle_0.2
model=FCONCAP,beta=0.20,ego=1.25,topology=BAG,numCouples=400,stubborn=0.02,manageStubborn=polarizeSingle_1.0
model=FCONCAP,beta=0.20,ego=1.25,topology=BAG,numCouples=400,stubborn=0.02,manageStubborn=polarizeSingle_2.0
model=FCONCAP,beta=0.20,ego=1.25,topology=BAG,numCouples=400,stubborn=0.04,manageStubborn=polarizeCouple_0.05
model=FCONCAP,beta=0.20,ego=1.25,topology=BAG,numCouples=400,stubborn=0.04,manageStubborn=polarizeCouple_0.2
model=FCONCAP,beta=0.20,ego=1.25,topology=BAG,numCouples=400,stubborn=0.04,manageStubborn=polarizeCouple_1.0
model=FCONCAP,beta=0.20,ego=1.25,topology=BAG,numCouples=400,stubborn=0.04,manageStubborn=polarizeCouple_2.0
model=FCONCAP,beta=0.20,ego=1.25,topology=BAG,numCouples=400,stubborn=0.04,manageStubborn=polarizeSingle_0.05
model=FCONCAP,beta=0.20,ego=1.25,topology=BAG,numCouples=400,stubborn=0.04,manageStubborn=polarizeSingle_0.2
model=FCONCAP,beta=0.20,ego=1.25,topology=BAG,numCouples=400,stubborn=0.04,manageStubborn=polarizeSingle_1.0
model=FCONCAP,beta=0.20,ego=1.25,topology=BAG,numCouples=400,stubborn=0.04,manageStubborn=polarizeSingle_2.0
model=FCONCAP,beta=0.20,ego=1.25,topology=BAG,numCouples=400,stubborn=0.08,manageStubborn=polarizeCouple_0.05
model=FCONCAP,beta=0.20,ego=1.25,topology=BAG,numCouples=400,stubborn=0.08,manageStubborn=polarizeCouple_0.2
model=FCONCAP,beta=0.20,ego=1.25,topology=BAG,numCouples=400,stubborn=0.08,manageStubborn=polarizeCouple_1.0
model=FCONCAP,beta=0.20,ego=1.25,topology=BAG,numCouples=400,stubborn=0.08,manageStubborn=polarizeCouple_2.0
model=FCONCAP,beta=0.20,ego=1.25,topology=BAG,numCouples=400,stubborn=0.08,manageStubborn=polarizeSingle_0.05
model=FCONCAP,beta=0.20,ego=1.25,topology=BAG,numCouples=400,stubborn=0.08,manageStubborn=polarizeSingle_0.2
model=FCONCAP,beta=0.20,ego=1.25,topology=BAG,numCouples=400,stubborn=0.08,manageStubborn=polarizeSingle_1.0
model=FCONCAP,beta=0.20,ego=1.25,topology=BAG,numCouples=400,stubborn=0.08,manageStubborn=polarizeSingle_2.0
model=FCONCAP,beta=0.20,ego=1.25,topology=BAG,numCouples=64,stubborn=0.01,manageStubborn=polarizeCouple_0.05
model=FCONCAP,beta=0.20,ego=1.25,topology=BAG,numCouples=64,stubborn=0.01,manageStubborn=polarizeCouple_0.2
model=FCONCAP,beta=0.20,ego=1.25,topology=BAG,numCouples=64,stubborn=0.01,manageStubborn=polarizeCouple_1.0
model=FCONCAP,beta=0.20,ego=1.25,topology=BAG,numCouples=64,stubborn=0.01,manageStubborn=polarizeCouple_2.0
model=FCONCAP,beta=0.20,ego=1.25,topology=BAG,numCouples=64,stubborn=0.01,manageStubborn=polarizeSingle_0.05
model=FCONCAP,beta=0.20,ego=1.25,topology=BAG,numCouples=64,stubborn=0.01,manageStubborn=polarizeSingle_0.2
model=FCONCAP,beta=0.20,ego=1.25,topology=BAG,numCouples=64,stubborn=0.01,manageStubborn=polarizeSingle_1.0
model=FCONCAP,beta=0.20,ego=1.25,topology=BAG,numCouples=64,stubborn=0.01,manageStubborn=polarizeSingle_2.0
model=FCONCAP,beta=0.20,ego=1.25,topology=BAG,numCouples=64,stubborn=0.02,manageStubborn=polarizeCouple_0.05
model=FCONCAP,beta=0.20,ego=1.25,topology=BAG,numCouples=64,stubborn=0.02,manageStubborn=polarizeCouple_0.2
model=FCONCAP,beta=0.20,ego=1.25,topology=BAG,numCouples=64,stubborn=0.02,manageStubborn=polarizeCouple_1.0
model=FCONCAP,beta=0.20,ego=1.25,topology=BAG,numCouples=64,stubborn=0.02,manageStubborn=polarizeCouple_2.0
model=FCONCAP,beta=0.20,ego=1.25,topology=BAG,numCouples=64,stubborn=0.02,manageStubborn=polarizeSingle_0.05
model=FCONCAP,beta=0.20,ego=1.25,topology=BAG,numCouples=64,stubborn=0.02,manageStubborn=polarizeSingle_0.2
model=FCONCAP,beta=0.20,ego=1.25,topology=BAG,numCouples=64,stubborn=0.02,manageStubborn=polarizeSingle_1.0
model=FCONCAP,beta=0.20,ego=1.25,topology=BAG,numCouples=64,stubborn=0.02,manageStubborn=polarizeSingle_2.0
model=FCONCAP,beta=0.20,ego=1.25,topology=BAG,numCouples=64,stubborn=0.04,manageStubborn=polarizeCouple_0.05
model=FCONCAP,beta=0.20,ego=1.25,topology=BAG,numCouples=64,stubborn=0.04,manageStubborn=polarizeCouple_0.2
model=FCONCAP,beta=0.20,ego=1.25,topology=BAG,numCouples=64,stubborn=0.04,manageStubborn=polarizeCouple_1.0
model=FCONCAP,beta=0.20,ego=1.25,topology=BAG,numCouples=64,stubborn=0.04,manageStubborn=polarizeCouple_2.0
model=FCONCAP,beta=0.20,ego=1.25,topology=BAG,numCouples=64,stubborn=0.04,manageStubborn=polarizeSingle_0.05
model=FCONCAP,beta=0.20,ego=1.25,topology=BAG,numCouples=64,stubborn=0.04,manageStubborn=polarizeSingle_0.2
model=FCONCAP,beta=0.20,ego=1.25,topology=BAG,numCouples=64,stubborn=0.04,manageStubborn=polarizeSingle_1.0
model=FCONCAP,beta=0.20,ego=1.25,topology=BAG,numCouples=64,stubborn=0.04,manageStubborn=polarizeSingle_2.0
model=FCONCAP,beta=0.20,ego=1.25,topology=BAG,numCouples=64,stubborn=0.08,manageStubborn=polarizeCouple_0.05
model=FCONCAP,beta=0.20,ego=1.25,topology=BAG,numCouples=64,stubborn=0.08,manageStubborn=polarizeCouple_0.2
model=FCONCAP,beta=0.20,ego=1.25,topology=BAG,numCouples=64,stubborn=0.08,manageStubborn=polarizeCouple_1.0
model=FCONCAP,beta=0.20,ego=1.25,topology=BAG,numCouples=64,stubborn=0.08,manageStubborn=polarizeCouple_2.0
model=FCONCAP,beta=0.20,ego=1.25,topology=BAG,numCouples=64,stubborn=0.08,manageStubborn=polarizeSingle_0.05
model=FCONCAP,beta=0.20,ego=1.25,topology=BAG,numCouples=64,stubborn=0.08,manageStubborn=polarizeSingle_0.2
model=FCONCAP,beta=0.20,ego=1.25,topology=BAG,numCouples=64,stubborn=0.08,manageStubborn=polarizeSingle_1.0
model=FCONCAP,beta=0.20,ego=1.25,topology=BAG,numCouples=64,stubborn=0.08,manageStubborn=polarizeSingle_2.0
model=ICAP,ego=1,topology=BAG,numCouples=256,stubborn=0.01,manageStubborn=polarizeCouple_0.05
model=ICAP,ego=1,topology=BAG,numCouples=256,stubborn=0.01,manageStubborn=polarizeCouple_0.2
model=ICAP,ego=1,topology=BAG,numCouples=256,stubborn=0.01,manageStubborn=polarizeCouple_1.0
model=ICAP,ego=1,topology=BAG,numCouples=256,stubborn=0.01,manageStubborn=polarizeCouple_2.0
model=ICAP,ego=1,topology=BAG,numCouples=256,stubborn=0.01,manageStubborn=polarizeSingle_0.05
model=ICAP,ego=1,topology=BAG,numCouples=256,stubborn=0.01,manageStubborn=polarizeSingle_0.2
model=ICAP,ego=1,topology=BAG,numCouples=256,stubborn=0.01,manageStubborn=polarizeSingle_1.0
model=ICAP,ego=1,topology=BAG,numCouples=256,stubborn=0.01,manageStubborn=polarizeSingle_2.0
model=ICAP,ego=1,topology=BAG,numCouples=256,stubborn=0.02,manageStubborn=polarizeCouple_0.05
model=ICAP,ego=1,topology=BAG,numCouples=256,stubborn=0.02,manageStubborn=polarizeCouple_0.2
model=ICAP,ego=1,topology=BAG,numCouples=256,stubborn=0.02,manageStubborn=polarizeCouple_1.0
model=ICAP,ego=1,topology=BAG,numCouples=256,stubborn=0.02,manageStubborn=polarizeCouple_2.0
model=ICAP,ego=1,topology=BAG,numCouples=256,stubborn=0.02,manageStubborn=polarizeSingle_0.05
model=ICAP,ego=1,topology=BAG,numCouples=256,stubborn=0.02,manageStubborn=polarizeSingle_0.2
model=ICAP,ego=1,topology=BAG,numCouples=256,stubborn=0.02,manageStubborn=polarizeSingle_1.0
model=ICAP,ego=1,topology=BAG,numCouples=256,stubborn=0.02,manageStubborn=polarizeSingle_2.0
model=ICAP,ego=1,topology=BAG,numCouples=256,stubborn=0.04,manageStubborn=polarizeCouple_0.05
model=ICAP,ego=1,topology=BAG,numCouples=256,stubborn=0.04,manageStubborn=polarizeCouple_0.2
model=ICAP,ego=1,topology=BAG,numCouples=256,stubborn=0.04,manageStubborn=polarizeCouple_1.0
model=ICAP,ego=1,topology=BAG,numCouples=256,stubborn=0.04,manageStubborn=polarizeCouple_2.0
model=ICAP,ego=1,topology=BAG,numCouples=256,stubborn=0.04,manageStubborn=polarizeSingle_0.05
model=ICAP,ego=1,topology=BAG,numCouples=256,stubborn=0.04,manageStubborn=polarizeSingle_0.2
model=ICAP,ego=1,topology=BAG,numCouples=256,stubborn=0.04,manageStubborn=polarizeSingle_1.0
model=ICAP,ego=1,topology=BAG,numCouples=256,stubborn=0.04,manageStubborn=polarizeSingle_2.0
model=ICAP,ego=1,topology=BAG,numCouples=256,stubborn=0.08,manageStubborn=polarizeCouple_0.05
model=ICAP,ego=1,topology=BAG,numCouples=256,stubborn=0.08,manageStubborn=polarizeCouple_0.2
model=ICAP,ego=1,topology=BAG,numCouples=256,stubborn=0.08,manageStubborn=polarizeCouple_1.0
model=ICAP,ego=1,topology=BAG,numCouples=256,stubborn=0.08,manageStubborn=polarizeCouple_2.0
model=ICAP,ego=1,topology=BAG,numCouples=256,stubborn=0.08,manageStubborn=polarizeSingle_0.05
model=ICAP,ego=1,topology=BAG,numCouples=256,stubborn=0.08,manageStubborn=polarizeSingle_0.2
model=ICAP,ego=1,topology=BAG,numCouples=256,stubborn=0.08,manageStubborn=polarizeSingle_1.0
model=ICAP,ego=1,topology=BAG,numCouples=256,stubborn=0.08,manageStubborn=polarizeSingle_2.0
model=ICAP,ego=1,topology=BAG,numCouples=400,stubborn=0.01,manageStubborn=polarizeCouple_0.05
model=ICAP,ego=1,topology=BAG,numCouples=400,stubborn=0.01,manageStubborn=polarizeCouple_0.2
model=ICAP,ego=1,topology=BAG,numCouples=400,stubborn=0.01,manageStubborn=polarizeCouple_1.0
model=ICAP,ego=1,topology=BAG,numCouples=400,stubborn=0.01,manageStubborn=polarizeCouple_2.0
model=ICAP,ego=1,topology=BAG,numCouples=400,stubborn=0.01,manageStubborn=polarizeSingle_0.05
model=ICAP,ego=1,topology=BAG,numCouples=400,stubborn=0.01,manageStubborn=polarizeSingle_0.2
model=ICAP,ego=1,topology=BAG,numCouples=400,stubborn=0.01,manageStubborn=polarizeSingle_1.0
model=ICAP,ego=1,topology=BAG,numCouples=400,stubborn=0.01,manageStubborn=polarizeSingle_2.0
model=ICAP,ego=1,topology=BAG,numCouples=400,stubborn=0.02,manageStubborn=polarizeCouple_0.05
model=ICAP,ego=1,topology=BAG,numCouples=400,stubborn=0.02,manageStubborn=polarizeCouple_0.2
model=ICAP,ego=1,topology=BAG,numCouples=400,stubborn=0.02,manageStubborn=polarizeCouple_1.0
model=ICAP,ego=1,topology=BAG,numCouples=400,stubborn=0.02,manageStubborn=polarizeCouple_2.0
model=ICAP,ego=1,topology=BAG,numCouples=400,stubborn=0.02,manageStubborn=polarizeSingle_0.05
model=ICAP,ego=1,topology=BAG,numCouples=400,stubborn=0.02,manageStubborn=polarizeSingle_0.2
model=ICAP,ego=1,topology=BAG,numCouples=400,stubborn=0.02,manageStubborn=polarizeSingle_1.0
model=ICAP,ego=1,topology=BAG,numCouples=400,stubborn=0.02,manageStubborn=polarizeSingle_2.0
model=ICAP,ego=1,topology=BAG,numCouples=400,stubborn=0.04,manageStubborn=polarizeCouple_0.05
model=ICAP,ego=1,topology=BAG,numCouples=400,stubborn=0.04,manageStubborn=polarizeCouple_0.2
model=ICAP,ego=1,topology=BAG,numCouples=400,stubborn=0.04,manageStubborn=polarizeCouple_1.0
model=ICAP,ego=1,topology=BAG,numCouples=400,stubborn=0.04,manageStubborn=polarizeCouple_2.0
model=ICAP,ego=1,topology=BAG,numCouples=400,stubborn=0.04,manageStubborn=polarizeSingle_0.05
model=ICAP,ego=1,topology=BAG,numCouples=400,stubborn=0.04,manageStubborn=polarizeSingle_0.2
model=ICAP,ego=1,topology=BAG,numCouples=400,stubborn=0.04,manageStubborn=polarizeSingle_1.0
model=ICAP,ego=1,topology=BAG,numCouples=400,stubborn=0.04,manageStubborn=polarizeSingle_2.0
model=ICAP,ego=1,topology=BAG,numCouples=400,stubborn=0.08,manageStubborn=polarizeCouple_0.05
model=ICAP,ego=1,topology=BAG,numCouples=400,stubborn=0.08,manageStubborn=polarizeCouple_0.2
model=ICAP,ego=1,topology=BAG,numCouples=400,stubborn=0.08,manageStubborn=polarizeCouple_1.0
model=ICAP,ego=1,topology=BAG,numCouples=400,stubborn=0.08,manageStubborn=polarizeCouple_2.0
model=ICAP,ego=1,topology=BAG,numCouples=400,stubborn=0.08,manageStubborn=polarizeSingle_0.05
model=ICAP,ego=1,topology=BAG,numCouples=400,stubborn=0.08,manageStubborn=polarizeSingle_0.2
model=ICAP,ego=1,topology=BAG,numCouples=400,stubborn=0.08,manageStubborn=polarizeSingle_1.0
model=ICAP,ego=1,topology=BAG,numCouples=400,stubborn=0.08,manageStubborn=polarizeSingle_2.0
model=ICAP,ego=1,topology=BAG,numCouples=64,stubborn=0.01,manageStubborn=polarizeCouple_0.05
model=ICAP,ego=1,topology=BAG,numCouples=64,stubborn=0.01,manageStubborn=polarizeCouple_0.2
model=ICAP,ego=1,topology=BAG,numCouples=64,stubborn=0.01,manageStubborn=polarizeCouple_1.0
model=ICAP,ego=1,topology=BAG,numCouples=64,stubborn=0.01,manageStubborn=polarizeCouple_2.0
model=ICAP,ego=1,topology=BAG,numCouples=64,stubborn=0.01,manageStubborn=polarizeSingle_0.05
model=ICAP,ego=1,topology=BAG,numCouples=64,stubborn=0.01,manageStubborn=polarizeSingle_0.2
model=ICAP,ego=1,topology=BAG,numCouples=64,stubborn=0.01,manageStubborn=polarizeSingle_1.0
model=ICAP,ego=1,topology=BAG,numCouples=64,stubborn=0.01,manageStubborn=polarizeSingle_2.0
model=ICAP,ego=1,topology=BAG,numCouples=64,stubborn=0.02,manageStubborn=polarizeCouple_0.05
model=ICAP,ego=1,topology=BAG,numCouples=64,stubborn=0.02,manageStubborn=polarizeCouple_0.2
model=ICAP,ego=1,topology=BAG,numCouples=64,stubborn=0.02,manageStubborn=polarizeCouple_1.0
model=ICAP,ego=1,topology=BAG,numCouples=64,stubborn=0.02,manageStubborn=polarizeCouple_2.0
model=ICAP,ego=1,topology=BAG,numCouples=64,stubborn=0.02,manageStubborn=polarizeSingle_0.05
model=ICAP,ego=1,topology=BAG,numCouples=64,stubborn=0.02,manageStubborn=polarizeSingle_0.2
model=ICAP,ego=1,topology=BAG,numCouples=64,stubborn=0.02,manageStubborn=polarizeSingle_1.0
model=ICAP,ego=1,topology=BAG,numCouples=64,stubborn=0.02,manageStubborn=polarizeSingle_2.0
model=ICAP,ego=1,topology=BAG,numCouples=64,stubborn=0.04,manageStubborn=polarizeCouple_0.05
model=ICAP,ego=1,topology=BAG,numCouples=64,stubborn=0.04,manageStubborn=polarizeCouple_0.2
model=ICAP,ego=1,topology=BAG,numCouples=64,stubborn=0.04,manageStubborn=polarizeCouple_1.0
model=ICAP,ego=1,topology=BAG,numCouples=64,stubborn=0.04,manageStubborn=polarizeCouple_2.0
model=ICAP,ego=1,topology=BAG,numCouples=64,stubborn=0.04,manageStubborn=polarizeSingle_0.05
model=ICAP,ego=1,topology=BAG,numCouples=64,stubborn=0.04,manageStubborn=polarizeSingle_0.2
model=ICAP,ego=1,topology=BAG,numCouples=64,stubborn=0.04,manageStubborn=polarizeSingle_1.0
model=ICAP,ego=1,topology=BAG,numCouples=64,stubborn=0.04,manageStubborn=polarizeSingle_2.0
model=ICAP,ego=1,topology=BAG,numCouples=64,stubborn=0.08,manageStubborn=polarizeCouple_0.05
model=ICAP,ego=1,topology=BAG,numCouples=64,stubborn=0.08,manageStubborn=polarizeCouple_0.2
model=ICAP,ego=1,topology=BAG,numCouples=64,stubborn=0.08,manageStubborn=polarizeCouple_1.0
model=ICAP,ego=1,topology=BAG,numCouples=64,stubborn=0.08,manageStubborn=polarizeCouple_2.0
model=ICAP,ego=1,topology=BAG,numCouples=64,stubborn=0.08,manageStubborn=polarizeSingle_0.05
model=ICAP,ego=1,topology=BAG,numCouples=64,stubborn=0.08,manageStubborn=polarizeSingle_0.2
model=ICAP,ego=1,topology=BAG,numCouples=64,stubborn=0.08,manageStubborn=polarizeSingle_1.0
model=ICAP,ego=1,topology=BAG,numCouples=64,stubborn=0.08,manageStubborn=polarizeSingle_2.0